2026-03-23T14:22:29.956+01:00  INFO 11092 --- [restartedMain] c.e.s.SmartChargingApplication           : Starting SmartChargingApplication using Java 21.0.10 with PID 11092 (C:\Users\Asheer\KursMU24\examarbete5\backend\target\classes started by Asheer in C:\Users\Asheer\KursMU24\examarbete5)
2026-03-23T14:22:29.960+01:00 DEBUG 11092 --- [restartedMain] c.e.s.SmartChargingApplication           : Running with Spring Boot v3.5.12-SNAPSHOT, Spring v6.2.17
2026-03-23T14:22:29.961+01:00  INFO 11092 --- [restartedMain] c.e.s.SmartChargingApplication           : No active profile set, falling back to 1 default profile: "default"
2026-03-23T14:22:30.087+01:00  INFO 11092 --- [restartedMain] .e.DevToolsPropertyDefaultsPostProcessor : Devtools property defaults active! Set 'spring.devtools.add-properties' to 'false' to disable
2026-03-23T14:22:30.088+01:00  INFO 11092 --- [restartedMain] .e.DevToolsPropertyDefaultsPostProcessor : For additional web related logging consider setting the 'logging.level.web' property to 'DEBUG'
2026-03-23T14:22:31.787+01:00  INFO 11092 --- [restartedMain] .s.d.r.c.RepositoryConfigurationDelegate : Bootstrapping Spring Data JPA repositories in DEFAULT mode.
2026-03-23T14:22:31.974+01:00  INFO 11092 --- [restartedMain] .s.d.r.c.RepositoryConfigurationDelegate : Finished Spring Data repository scanning in 148 ms. Found 3 JPA repository interfaces.
2026-03-23T14:22:33.263+01:00  INFO 11092 --- [restartedMain] o.s.b.w.embedded.tomcat.TomcatWebServer  : Tomcat initialized with port 8080 (http)
2026-03-23T14:22:33.291+01:00  INFO 11092 --- [restartedMain] o.apache.catalina.core.StandardService   : Starting service [Tomcat]
2026-03-23T14:22:33.292+01:00  INFO 11092 --- [restartedMain] o.apache.catalina.core.StandardEngine    : Starting Servlet engine: [Apache Tomcat/10.1.52]
2026-03-23T14:22:33.391+01:00  INFO 11092 --- [restartedMain] o.a.c.c.C.[Tomcat].[localhost].[/]       : Initializing Spring embedded WebApplicationContext
2026-03-23T14:22:33.392+01:00  INFO 11092 --- [restartedMain] w.s.c.ServletWebServerApplicationContext : Root WebApplicationContext: initialization completed in 3302 ms
2026-03-23T14:22:33.880+01:00  INFO 11092 --- [restartedMain] o.hibernate.jpa.internal.util.LogHelper  : HHH000204: Processing PersistenceUnitInfo [name: default]
2026-03-23T14:22:34.152+01:00  INFO 11092 --- [restartedMain] org.hibernate.Version                    : HHH000412: Hibernate ORM core version 6.6.44.Final
2026-03-23T14:22:34.276+01:00  INFO 11092 --- [restartedMain] o.h.c.internal.RegionFactoryInitiator    : HHH000026: Second-level cache disabled
2026-03-23T14:22:35.033+01:00  INFO 11092 --- [restartedMain] o.s.o.j.p.SpringPersistenceUnitInfo      : No LoadTimeWeaver setup: ignoring JPA class transformer
2026-03-23T14:22:35.105+01:00  INFO 11092 --- [restartedMain] com.zaxxer.hikari.HikariDataSource       : HikariPool-1 - Starting...
2026-03-23T14:22:36.014+01:00  INFO 11092 --- [restartedMain] com.zaxxer.hikari.pool.HikariPool        : HikariPool-1 - Added connection com.mysql.cj.jdbc.ConnectionImpl@5e5d94cf
2026-03-23T14:22:36.022+01:00  INFO 11092 --- [restartedMain] com.zaxxer.hikari.HikariDataSource       : HikariPool-1 - Start completed.
2026-03-23T14:22:36.164+01:00  WARN 11092 --- [restartedMain] org.hibernate.orm.deprecation            : HHH90000025: MySQL8Dialect does not need to be specified explicitly using 'hibernate.dialect' (remove the property setting and it will be selected by default)
2026-03-23T14:22:36.168+01:00  WARN 11092 --- [restartedMain] org.hibernate.orm.deprecation            : HHH90000026: MySQL8Dialect has been deprecated; use org.hibernate.dialect.MySQLDialect instead
2026-03-23T14:22:36.236+01:00  INFO 11092 --- [restartedMain] org.hibernate.orm.connections.pooling    : HHH10001005: Database info:
	Database JDBC URL [Connecting through datasource 'HikariDataSource (HikariPool-1)']
	Database driver: undefined/unknown
	Database version: 8.0
	Autocommit mode: undefined/unknown
	Isolation level: undefined/unknown
	Minimum pool size: undefined/unknown
	Maximum pool size: undefined/unknown
2026-03-23T14:22:37.875+01:00  INFO 11092 --- [restartedMain] o.h.e.t.j.p.i.JtaPlatformInitiator       : HHH000489: No JTA platform available (set 'hibernate.transaction.jta.platform' to enable JTA platform integration)
2026-03-23T14:22:38.078+01:00  INFO 11092 --- [restartedMain] j.LocalContainerEntityManagerFactoryBean : Initialized JPA EntityManagerFactory for persistence unit 'default'
2026-03-23T14:22:38.959+01:00  INFO 11092 --- [restartedMain] o.s.d.j.r.query.QueryEnhancerFactory     : Hibernate is in classpath; If applicable, HQL parser will be used.
2026-03-23T14:22:40.691+01:00  WARN 11092 --- [restartedMain] JpaBaseConfiguration$JpaWebConfiguration : spring.jpa.open-in-view is enabled by default. Therefore, database queries may be performed during view rendering. Explicitly configure spring.jpa.open-in-view to disable this warning
2026-03-23T14:22:41.515+01:00  INFO 11092 --- [restartedMain] o.s.b.d.a.OptionalLiveReloadServer       : LiveReload server is running on port 35729
2026-03-23T14:22:41.614+01:00  INFO 11092 --- [restartedMain] o.s.b.w.embedded.tomcat.TomcatWebServer  : Tomcat started on port 8080 (http) with context path '/'
2026-03-23T14:22:41.636+01:00  INFO 11092 --- [restartedMain] c.e.s.SmartChargingApplication           : Started SmartChargingApplication in 12.729 seconds (process running for 13.85)
2026-03-23T14:22:41.646+01:00  INFO 11092 --- [restartedMain] c.e.s.service.SmartChargingService       : === Smart generateSchedule called ===
2026-03-23T14:22:41.905+01:00 DEBUG 11092 --- [restartedMain] c.e.s.service.SmartChargingService       : Vehicle [ASD 308] scheduled on Charger [Station No.3]. Start: 2026-03-23T14:22:41.904930900 | End: 2026-03-25T19:04:41.904930900 | ChargeRate: 1.0 kW
2026-03-23T14:22:41.906+01:00 DEBUG 11092 --- [restartedMain] c.e.s.service.SmartChargingService       : Vehicle [ERT 839] scheduled on Charger [Station No.7]. Start: 2026-03-23T14:22:41.904930900 | End: 2026-03-26T19:40:41.904930900 | ChargeRate: 1.0 kW
2026-03-23T14:22:41.907+01:00 DEBUG 11092 --- [restartedMain] c.e.s.service.SmartChargingService       : Vehicle [MNB 109] scheduled on Charger [Station No.5]. Start: 2026-03-23T14:22:41.904930900 | End: 2026-03-23T23:52:41.904930900 | ChargeRate: 5.0 kW
2026-03-23T14:22:41.908+01:00 DEBUG 11092 --- [restartedMain] c.e.s.service.SmartChargingService       : Vehicle [QWE 472] scheduled on Charger [Station No.1]. Start: 2026-03-23T14:22:41.904930900 | End: 2026-03-24T07:10:41.904930900 | ChargeRate: 4.0 kW
2026-03-23T14:22:41.909+01:00 DEBUG 11092 --- [restartedMain] c.e.s.service.SmartChargingService       : Vehicle [UIO 742] scheduled on Charger [Station No.4]. Start: 2026-03-23T14:22:41.904930900 | End: 2026-03-24T03:13:41.904930900 | ChargeRate: 4.0 kW
2026-03-23T14:22:41.910+01:00 DEBUG 11092 --- [restartedMain] c.e.s.service.SmartChargingService       : Vehicle [DFG 671] scheduled on Charger [Station No.5]. Start: 2026-03-23T23:52:41.904930900 | End: 2026-03-24T13:24:41.904930900 | ChargeRate: 5.0 kW
2026-03-23T14:22:41.911+01:00 DEBUG 11092 --- [restartedMain] c.e.s.service.SmartChargingService       : Vehicle [TYU 156] scheduled on Charger [Station No.4]. Start: 2026-03-24T03:13:41.904930900 | End: 2026-03-24T13:49:41.904930900 | ChargeRate: 4.0 kW
2026-03-23T14:22:41.912+01:00 DEBUG 11092 --- [restartedMain] c.e.s.service.SmartChargingService       : Vehicle [GHJ 254] scheduled on Charger [Station No.1]. Start: 2026-03-24T07:10:41.904930900 | End: 2026-03-24T22:29:41.904930900 | ChargeRate: 4.0 kW
2026-03-23T14:22:41.913+01:00 DEBUG 11092 --- [restartedMain] c.e.s.service.SmartChargingService       : Vehicle [JKL 888] scheduled on Charger [Station No.5]. Start: 2026-03-24T13:24:41.904930900 | End: 2026-03-25T02:12:41.904930900 | ChargeRate: 5.0 kW
2026-03-23T14:22:41.915+01:00 DEBUG 11092 --- [restartedMain] c.e.s.service.SmartChargingService       : Vehicle [OPA 915] scheduled on Charger [Station No.4]. Start: 2026-03-24T13:49:41.904930900 | End: 2026-03-25T09:49:41.904930900 | ChargeRate: 4.0 kW
2026-03-23T14:22:42.086+01:00  INFO 11092 --- [restartedMain] c.e.s.service.SmartChargingService       : === Smart scheduling complete. Total sessions created: 10 ===
